[2026-04-29T14:23:05.732Z] Failed to get transactions
{
  "message": "\nInvalid `prisma.transaction.findMany()` invocation in\nC:\\xampp\\htdocs\\dagantara\\rana-main_2\\rana-main\\server\\src\\controllers\\adminController.js:743:36\n\n  740 }\n  741 \n  742 const [transactions, total] = await prisma.$transaction([\n→ 743     prisma.transaction.findMany({\n            where: {},\n            skip: 0,\n            take: 5,\n            orderBy: {\n              createdAt: \"desc\"\n            },\n            include: {\n              store: {\n                select: {\n                  name: true,\n                  location: true,\n                  category: true\n                }\n              },\n              tenant: {\n                select: {\n                  name: true\n                }\n              },\n              user: {\n              ~~~~\n                select: {\n                  name: true\n                }\n              },\n              items: {\n                select: {\n                  quantity: true,\n                  price: true,\n                  product: {\n                    select: {\n                      name: true,\n                      sku: true,\n                      imageUrl: true,\n                      basePrice: true\n                    }\n                  }\n                }\n              },\n          ?   customer?: true,\n          ?   cashier?: true,\n          ?   transactionItems?: true\n            }\n          })\n\nUnknown field `user` for include statement on model `Transaction`. Available options are marked with ?.",
  "stack": "PrismaClientValidationError: \nInvalid `prisma.transaction.findMany()` invocation in\nC:\\xampp\\htdocs\\dagantara\\rana-main_2\\rana-main\\server\\src\\controllers\\adminController.js:743:36\n\n  740 }\n  741 \n  742 const [transactions, total] = await prisma.$transaction([\n→ 743     prisma.transaction.findMany({\n            where: {},\n            skip: 0,\n            take: 5,\n            orderBy: {\n              createdAt: \"desc\"\n            },\n            include: {\n              store: {\n                select: {\n                  name: true,\n                  location: true,\n                  category: true\n                }\n              },\n              tenant: {\n                select: {\n                  name: true\n                }\n              },\n              user: {\n              ~~~~\n                select: {\n                  name: true\n                }\n              },\n              items: {\n                select: {\n                  quantity: true,\n                  price: true,\n                  product: {\n                    select: {\n                      name: true,\n                      sku: true,\n                      imageUrl: true,\n                      basePrice: true\n                    }\n                  }\n                }\n              },\n          ?   customer?: true,\n          ?   cashier?: true,\n          ?   transactionItems?: true\n            }\n          })\n\nUnknown field `user` for include statement on model `Transaction`. Available options are marked with ?.\n    at wn (C:\\xampp\\htdocs\\dagantara\\rana-main_2\\rana-main\\server\\node_modules\\@prisma\\client\\runtime\\library.js:29:1363)\n    at $n.handleRequestError (C:\\xampp\\htdocs\\dagantara\\rana-main_2\\rana-main\\server\\node_modules\\@prisma\\client\\runtime\\library.js:121:6958)\n    at $n.handleAndLogRequestError (C:\\xampp\\htdocs\\dagantara\\rana-main_2\\rana-main\\server\\node_modules\\@prisma\\client\\runtime\\library.js:121:6623)\n    at $n.request (C:\\xampp\\htdocs\\dagantara\\rana-main_2\\rana-main\\server\\node_modules\\@prisma\\client\\runtime\\library.js:121:6307)\n    at async l (C:\\xampp\\htdocs\\dagantara\\rana-main_2\\rana-main\\server\\node_modules\\@prisma\\client\\runtime\\library.js:130:9633)"
}

[2026-04-29T14:23:05.752Z] Failed to get transactions
{
  "message": "\nInvalid `prisma.transaction.findMany()` invocation in\nC:\\xampp\\htdocs\\dagantara\\rana-main_2\\rana-main\\server\\src\\controllers\\adminController.js:743:36\n\n  740 }\n  741 \n  742 const [transactions, total] = await prisma.$transaction([\n→ 743     prisma.transaction.findMany({\n            where: {},\n            skip: 0,\n            take: 5,\n            orderBy: {\n              createdAt: \"desc\"\n            },\n            include: {\n              store: {\n                select: {\n                  name: true,\n                  location: true,\n                  category: true\n                }\n              },\n              tenant: {\n                select: {\n                  name: true\n                }\n              },\n              user: {\n              ~~~~\n                select: {\n                  name: true\n                }\n              },\n              items: {\n                select: {\n                  quantity: true,\n                  price: true,\n                  product: {\n                    select: {\n                      name: true,\n                      sku: true,\n                      imageUrl: true,\n                      basePrice: true\n                    }\n                  }\n                }\n              },\n          ?   customer?: true,\n          ?   cashier?: true,\n          ?   transactionItems?: true\n            }\n          })\n\nUnknown field `user` for include statement on model `Transaction`. Available options are marked with ?.",
  "stack": "PrismaClientValidationError: \nInvalid `prisma.transaction.findMany()` invocation in\nC:\\xampp\\htdocs\\dagantara\\rana-main_2\\rana-main\\server\\src\\controllers\\adminController.js:743:36\n\n  740 }\n  741 \n  742 const [transactions, total] = await prisma.$transaction([\n→ 743     prisma.transaction.findMany({\n            where: {},\n            skip: 0,\n            take: 5,\n            orderBy: {\n              createdAt: \"desc\"\n            },\n            include: {\n              store: {\n                select: {\n                  name: true,\n                  location: true,\n                  category: true\n                }\n              },\n              tenant: {\n                select: {\n                  name: true\n                }\n              },\n              user: {\n              ~~~~\n                select: {\n                  name: true\n                }\n              },\n              items: {\n                select: {\n                  quantity: true,\n                  price: true,\n                  product: {\n                    select: {\n                      name: true,\n                      sku: true,\n                      imageUrl: true,\n                      basePrice: true\n                    }\n                  }\n                }\n              },\n          ?   customer?: true,\n          ?   cashier?: true,\n          ?   transactionItems?: true\n            }\n          })\n\nUnknown field `user` for include statement on model `Transaction`. Available options are marked with ?.\n    at wn (C:\\xampp\\htdocs\\dagantara\\rana-main_2\\rana-main\\server\\node_modules\\@prisma\\client\\runtime\\library.js:29:1363)\n    at $n.handleRequestError (C:\\xampp\\htdocs\\dagantara\\rana-main_2\\rana-main\\server\\node_modules\\@prisma\\client\\runtime\\library.js:121:6958)\n    at $n.handleAndLogRequestError (C:\\xampp\\htdocs\\dagantara\\rana-main_2\\rana-main\\server\\node_modules\\@prisma\\client\\runtime\\library.js:121:6623)\n    at $n.request (C:\\xampp\\htdocs\\dagantara\\rana-main_2\\rana-main\\server\\node_modules\\@prisma\\client\\runtime\\library.js:121:6307)\n    at async l (C:\\xampp\\htdocs\\dagantara\\rana-main_2\\rana-main\\server\\node_modules\\@prisma\\client\\runtime\\library.js:130:9633)"
}

[2026-05-05T18:12:12.550Z] Failed to get transactions
{
  "message": "\nInvalid `prisma.transaction.findMany()` invocation in\nC:\\xampp\\htdocs\\dagantara\\rana-main_2\\rana-main\\server\\src\\controllers\\adminController.js:740:36\n\n  737 }\n  738 \n  739 const [transactions, total] = await prisma.$transaction([\n→ 740     prisma.transaction.findMany({\n            where: {},\n            skip: 0,\n            take: 5,\n            orderBy: {\n              createdAt: \"desc\"\n            },\n            include: {\n              store: {\n                select: {\n                  name: true,\n                  location: true,\n                  category: true\n                }\n              },\n              tenant: {\n                select: {\n                  name: true\n                }\n              },\n              user: {\n              ~~~~\n                select: {\n                  name: true\n                }\n              },\n              items: {\n                select: {\n                  quantity: true,\n                  price: true,\n                  product: {\n                    select: {\n                      name: true,\n                      sku: true,\n                      imageUrl: true,\n                      basePrice: true\n                    }\n                  }\n                }\n              },\n          ?   customer?: true,\n          ?   cashier?: true,\n          ?   transactionItems?: true\n            }\n          })\n\nUnknown field `user` for include statement on model `Transaction`. Available options are marked with ?.",
  "stack": "PrismaClientValidationError: \nInvalid `prisma.transaction.findMany()` invocation in\nC:\\xampp\\htdocs\\dagantara\\rana-main_2\\rana-main\\server\\src\\controllers\\adminController.js:740:36\n\n  737 }\n  738 \n  739 const [transactions, total] = await prisma.$transaction([\n→ 740     prisma.transaction.findMany({\n            where: {},\n            skip: 0,\n            take: 5,\n            orderBy: {\n              createdAt: \"desc\"\n            },\n            include: {\n              store: {\n                select: {\n                  name: true,\n                  location: true,\n                  category: true\n                }\n              },\n              tenant: {\n                select: {\n                  name: true\n                }\n              },\n              user: {\n              ~~~~\n                select: {\n                  name: true\n                }\n              },\n              items: {\n                select: {\n                  quantity: true,\n                  price: true,\n                  product: {\n                    select: {\n                      name: true,\n                      sku: true,\n                      imageUrl: true,\n                      basePrice: true\n                    }\n                  }\n                }\n              },\n          ?   customer?: true,\n          ?   cashier?: true,\n          ?   transactionItems?: true\n            }\n          })\n\nUnknown field `user` for include statement on model `Transaction`. Available options are marked with ?.\n    at wn (C:\\xampp\\htdocs\\dagantara\\rana-main_2\\rana-main\\server\\node_modules\\@prisma\\client\\runtime\\library.js:29:1363)\n    at $n.handleRequestError (C:\\xampp\\htdocs\\dagantara\\rana-main_2\\rana-main\\server\\node_modules\\@prisma\\client\\runtime\\library.js:121:6958)\n    at $n.handleAndLogRequestError (C:\\xampp\\htdocs\\dagantara\\rana-main_2\\rana-main\\server\\node_modules\\@prisma\\client\\runtime\\library.js:121:6623)\n    at $n.request (C:\\xampp\\htdocs\\dagantara\\rana-main_2\\rana-main\\server\\node_modules\\@prisma\\client\\runtime\\library.js:121:6307)\n    at async l (C:\\xampp\\htdocs\\dagantara\\rana-main_2\\rana-main\\server\\node_modules\\@prisma\\client\\runtime\\library.js:130:9633)"
}

[2026-05-05T18:12:12.590Z] Failed to get transactions
{
  "message": "\nInvalid `prisma.transaction.findMany()` invocation in\nC:\\xampp\\htdocs\\dagantara\\rana-main_2\\rana-main\\server\\src\\controllers\\adminController.js:740:36\n\n  737 }\n  738 \n  739 const [transactions, total] = await prisma.$transaction([\n→ 740     prisma.transaction.findMany({\n            where: {},\n            skip: 0,\n            take: 5,\n            orderBy: {\n              createdAt: \"desc\"\n            },\n            include: {\n              store: {\n                select: {\n                  name: true,\n                  location: true,\n                  category: true\n                }\n              },\n              tenant: {\n                select: {\n                  name: true\n                }\n              },\n              user: {\n              ~~~~\n                select: {\n                  name: true\n                }\n              },\n              items: {\n                select: {\n                  quantity: true,\n                  price: true,\n                  product: {\n                    select: {\n                      name: true,\n                      sku: true,\n                      imageUrl: true,\n                      basePrice: true\n                    }\n                  }\n                }\n              },\n          ?   customer?: true,\n          ?   cashier?: true,\n          ?   transactionItems?: true\n            }\n          })\n\nUnknown field `user` for include statement on model `Transaction`. Available options are marked with ?.",
  "stack": "PrismaClientValidationError: \nInvalid `prisma.transaction.findMany()` invocation in\nC:\\xampp\\htdocs\\dagantara\\rana-main_2\\rana-main\\server\\src\\controllers\\adminController.js:740:36\n\n  737 }\n  738 \n  739 const [transactions, total] = await prisma.$transaction([\n→ 740     prisma.transaction.findMany({\n            where: {},\n            skip: 0,\n            take: 5,\n            orderBy: {\n              createdAt: \"desc\"\n            },\n            include: {\n              store: {\n                select: {\n                  name: true,\n                  location: true,\n                  category: true\n                }\n              },\n              tenant: {\n                select: {\n                  name: true\n                }\n              },\n              user: {\n              ~~~~\n                select: {\n                  name: true\n                }\n              },\n              items: {\n                select: {\n                  quantity: true,\n                  price: true,\n                  product: {\n                    select: {\n                      name: true,\n                      sku: true,\n                      imageUrl: true,\n                      basePrice: true\n                    }\n                  }\n                }\n              },\n          ?   customer?: true,\n          ?   cashier?: true,\n          ?   transactionItems?: true\n            }\n          })\n\nUnknown field `user` for include statement on model `Transaction`. Available options are marked with ?.\n    at wn (C:\\xampp\\htdocs\\dagantara\\rana-main_2\\rana-main\\server\\node_modules\\@prisma\\client\\runtime\\library.js:29:1363)\n    at $n.handleRequestError (C:\\xampp\\htdocs\\dagantara\\rana-main_2\\rana-main\\server\\node_modules\\@prisma\\client\\runtime\\library.js:121:6958)\n    at $n.handleAndLogRequestError (C:\\xampp\\htdocs\\dagantara\\rana-main_2\\rana-main\\server\\node_modules\\@prisma\\client\\runtime\\library.js:121:6623)\n    at $n.request (C:\\xampp\\htdocs\\dagantara\\rana-main_2\\rana-main\\server\\node_modules\\@prisma\\client\\runtime\\library.js:121:6307)\n    at async l (C:\\xampp\\htdocs\\dagantara\\rana-main_2\\rana-main\\server\\node_modules\\@prisma\\client\\runtime\\library.js:130:9633)"
}

[2026-05-19T16:44:02.016Z] Failed to get transactions
{
  "message": "\nInvalid `prisma.transaction.findMany()` invocation in\nC:\\xampp\\htdocs\\dagantara\\rana-main_2\\rana-main\\server\\src\\controllers\\adminController.js:740:36\n\n  737 }\n  738 \n  739 const [transactions, total] = await prisma.$transaction([\n→ 740     prisma.transaction.findMany({\n            where: {},\n            skip: 0,\n            take: 5,\n            orderBy: {\n              createdAt: \"desc\"\n            },\n            include: {\n              store: {\n                select: {\n                  name: true,\n                  location: true,\n                  category: true\n                }\n              },\n              tenant: {\n                select: {\n                  name: true\n                }\n              },\n              user: {\n              ~~~~\n                select: {\n                  name: true\n                }\n              },\n              items: {\n                select: {\n                  quantity: true,\n                  price: true,\n                  product: {\n                    select: {\n                      name: true,\n                      sku: true,\n                      imageUrl: true,\n                      basePrice: true\n                    }\n                  }\n                }\n              },\n          ?   customer?: true,\n          ?   cashier?: true,\n          ?   transactionItems?: true\n            }\n          })\n\nUnknown field `user` for include statement on model `Transaction`. Available options are marked with ?.",
  "stack": "PrismaClientValidationError: \nInvalid `prisma.transaction.findMany()` invocation in\nC:\\xampp\\htdocs\\dagantara\\rana-main_2\\rana-main\\server\\src\\controllers\\adminController.js:740:36\n\n  737 }\n  738 \n  739 const [transactions, total] = await prisma.$transaction([\n→ 740     prisma.transaction.findMany({\n            where: {},\n            skip: 0,\n            take: 5,\n            orderBy: {\n              createdAt: \"desc\"\n            },\n            include: {\n              store: {\n                select: {\n                  name: true,\n                  location: true,\n                  category: true\n                }\n              },\n              tenant: {\n                select: {\n                  name: true\n                }\n              },\n              user: {\n              ~~~~\n                select: {\n                  name: true\n                }\n              },\n              items: {\n                select: {\n                  quantity: true,\n                  price: true,\n                  product: {\n                    select: {\n                      name: true,\n                      sku: true,\n                      imageUrl: true,\n                      basePrice: true\n                    }\n                  }\n                }\n              },\n          ?   customer?: true,\n          ?   cashier?: true,\n          ?   transactionItems?: true\n            }\n          })\n\nUnknown field `user` for include statement on model `Transaction`. Available options are marked with ?.\n    at wn (C:\\xampp\\htdocs\\dagantara\\rana-main_2\\rana-main\\server\\node_modules\\@prisma\\client\\runtime\\library.js:29:1363)\n    at $n.handleRequestError (C:\\xampp\\htdocs\\dagantara\\rana-main_2\\rana-main\\server\\node_modules\\@prisma\\client\\runtime\\library.js:121:6958)\n    at $n.handleAndLogRequestError (C:\\xampp\\htdocs\\dagantara\\rana-main_2\\rana-main\\server\\node_modules\\@prisma\\client\\runtime\\library.js:121:6623)\n    at $n.request (C:\\xampp\\htdocs\\dagantara\\rana-main_2\\rana-main\\server\\node_modules\\@prisma\\client\\runtime\\library.js:121:6307)\n    at async l (C:\\xampp\\htdocs\\dagantara\\rana-main_2\\rana-main\\server\\node_modules\\@prisma\\client\\runtime\\library.js:130:9633)"
}

[2026-05-19T16:44:02.033Z] Failed to get transactions
{
  "message": "\nInvalid `prisma.transaction.findMany()` invocation in\nC:\\xampp\\htdocs\\dagantara\\rana-main_2\\rana-main\\server\\src\\controllers\\adminController.js:740:36\n\n  737 }\n  738 \n  739 const [transactions, total] = await prisma.$transaction([\n→ 740     prisma.transaction.findMany({\n            where: {},\n            skip: 0,\n            take: 5,\n            orderBy: {\n              createdAt: \"desc\"\n            },\n            include: {\n              store: {\n                select: {\n                  name: true,\n                  location: true,\n                  category: true\n                }\n              },\n              tenant: {\n                select: {\n                  name: true\n                }\n              },\n              user: {\n              ~~~~\n                select: {\n                  name: true\n                }\n              },\n              items: {\n                select: {\n                  quantity: true,\n                  price: true,\n                  product: {\n                    select: {\n                      name: true,\n                      sku: true,\n                      imageUrl: true,\n                      basePrice: true\n                    }\n                  }\n                }\n              },\n          ?   customer?: true,\n          ?   cashier?: true,\n          ?   transactionItems?: true\n            }\n          })\n\nUnknown field `user` for include statement on model `Transaction`. Available options are marked with ?.",
  "stack": "PrismaClientValidationError: \nInvalid `prisma.transaction.findMany()` invocation in\nC:\\xampp\\htdocs\\dagantara\\rana-main_2\\rana-main\\server\\src\\controllers\\adminController.js:740:36\n\n  737 }\n  738 \n  739 const [transactions, total] = await prisma.$transaction([\n→ 740     prisma.transaction.findMany({\n            where: {},\n            skip: 0,\n            take: 5,\n            orderBy: {\n              createdAt: \"desc\"\n            },\n            include: {\n              store: {\n                select: {\n                  name: true,\n                  location: true,\n                  category: true\n                }\n              },\n              tenant: {\n                select: {\n                  name: true\n                }\n              },\n              user: {\n              ~~~~\n                select: {\n                  name: true\n                }\n              },\n              items: {\n                select: {\n                  quantity: true,\n                  price: true,\n                  product: {\n                    select: {\n                      name: true,\n                      sku: true,\n                      imageUrl: true,\n                      basePrice: true\n                    }\n                  }\n                }\n              },\n          ?   customer?: true,\n          ?   cashier?: true,\n          ?   transactionItems?: true\n            }\n          })\n\nUnknown field `user` for include statement on model `Transaction`. Available options are marked with ?.\n    at wn (C:\\xampp\\htdocs\\dagantara\\rana-main_2\\rana-main\\server\\node_modules\\@prisma\\client\\runtime\\library.js:29:1363)\n    at $n.handleRequestError (C:\\xampp\\htdocs\\dagantara\\rana-main_2\\rana-main\\server\\node_modules\\@prisma\\client\\runtime\\library.js:121:6958)\n    at $n.handleAndLogRequestError (C:\\xampp\\htdocs\\dagantara\\rana-main_2\\rana-main\\server\\node_modules\\@prisma\\client\\runtime\\library.js:121:6623)\n    at $n.request (C:\\xampp\\htdocs\\dagantara\\rana-main_2\\rana-main\\server\\node_modules\\@prisma\\client\\runtime\\library.js:121:6307)\n    at async l (C:\\xampp\\htdocs\\dagantara\\rana-main_2\\rana-main\\server\\node_modules\\@prisma\\client\\runtime\\library.js:130:9633)"
}

[2026-05-19T16:44:33.198Z] Failed to fetch dashboard stats
{
  "message": "\nInvalid `prisma.dailySalesSummary.aggregate()` invocation in\nC:\\xampp\\htdocs\\dagantara\\rana-main_2\\rana-main\\server\\src\\controllers\\reportController.js:95:56\n\n  92     });\n  93 } else {\n  94     // Global (All Stores) - Aggregate\n→ 95     const agg = await prisma.dailySalesSummary.aggregate({\n           select: {\n             _sum: {\n               select: {\n                 totalSales: true,\n                 totalTrans: true,\n                 ~~~~~~~~~~\n         ?       totalProfit?: true,\n         ?       transactionCount?: true\n               }\n             }\n           },\n           where: {\n             tenantId: \"b8571728-3938-4c9d-a2be-ff9a9bcc3877\",\n             date: new Date(\"2026-05-19T00:00:00.000Z\")\n           }\n         })\n\nUnknown field `totalTrans` for select statement on model `DailySalesSummarySumAggregateOutputType`. Available options are marked with ?.",
  "stack": "PrismaClientValidationError: \nInvalid `prisma.dailySalesSummary.aggregate()` invocation in\nC:\\xampp\\htdocs\\dagantara\\rana-main_2\\rana-main\\server\\src\\controllers\\reportController.js:95:56\n\n  92     });\n  93 } else {\n  94     // Global (All Stores) - Aggregate\n→ 95     const agg = await prisma.dailySalesSummary.aggregate({\n           select: {\n             _sum: {\n               select: {\n                 totalSales: true,\n                 totalTrans: true,\n                 ~~~~~~~~~~\n         ?       totalProfit?: true,\n         ?       transactionCount?: true\n               }\n             }\n           },\n           where: {\n             tenantId: \"b8571728-3938-4c9d-a2be-ff9a9bcc3877\",\n             date: new Date(\"2026-05-19T00:00:00.000Z\")\n           }\n         })\n\nUnknown field `totalTrans` for select statement on model `DailySalesSummarySumAggregateOutputType`. Available options are marked with ?.\n    at wn (C:\\xampp\\htdocs\\dagantara\\rana-main_2\\rana-main\\server\\node_modules\\@prisma\\client\\runtime\\library.js:29:1363)\n    at $n.handleRequestError (C:\\xampp\\htdocs\\dagantara\\rana-main_2\\rana-main\\server\\node_modules\\@prisma\\client\\runtime\\library.js:121:6958)\n    at $n.handleAndLogRequestError (C:\\xampp\\htdocs\\dagantara\\rana-main_2\\rana-main\\server\\node_modules\\@prisma\\client\\runtime\\library.js:121:6623)\n    at $n.request (C:\\xampp\\htdocs\\dagantara\\rana-main_2\\rana-main\\server\\node_modules\\@prisma\\client\\runtime\\library.js:121:6307)\n    at async l (C:\\xampp\\htdocs\\dagantara\\rana-main_2\\rana-main\\server\\node_modules\\@prisma\\client\\runtime\\library.js:130:9633)\n    at async getDashboardStats (C:\\xampp\\htdocs\\dagantara\\rana-main_2\\rana-main\\server\\src\\controllers\\reportController.js:95:25)"
}

[2026-05-19T16:44:33.213Z] Failed to fetch dashboard stats
{
  "message": "\nInvalid `prisma.dailySalesSummary.aggregate()` invocation in\nC:\\xampp\\htdocs\\dagantara\\rana-main_2\\rana-main\\server\\src\\controllers\\reportController.js:95:56\n\n  92     });\n  93 } else {\n  94     // Global (All Stores) - Aggregate\n→ 95     const agg = await prisma.dailySalesSummary.aggregate({\n           select: {\n             _sum: {\n               select: {\n                 totalSales: true,\n                 totalTrans: true,\n                 ~~~~~~~~~~\n         ?       totalProfit?: true,\n         ?       transactionCount?: true\n               }\n             }\n           },\n           where: {\n             tenantId: \"b8571728-3938-4c9d-a2be-ff9a9bcc3877\",\n             date: new Date(\"2026-05-19T00:00:00.000Z\")\n           }\n         })\n\nUnknown field `totalTrans` for select statement on model `DailySalesSummarySumAggregateOutputType`. Available options are marked with ?.",
  "stack": "PrismaClientValidationError: \nInvalid `prisma.dailySalesSummary.aggregate()` invocation in\nC:\\xampp\\htdocs\\dagantara\\rana-main_2\\rana-main\\server\\src\\controllers\\reportController.js:95:56\n\n  92     });\n  93 } else {\n  94     // Global (All Stores) - Aggregate\n→ 95     const agg = await prisma.dailySalesSummary.aggregate({\n           select: {\n             _sum: {\n               select: {\n                 totalSales: true,\n                 totalTrans: true,\n                 ~~~~~~~~~~\n         ?       totalProfit?: true,\n         ?       transactionCount?: true\n               }\n             }\n           },\n           where: {\n             tenantId: \"b8571728-3938-4c9d-a2be-ff9a9bcc3877\",\n             date: new Date(\"2026-05-19T00:00:00.000Z\")\n           }\n         })\n\nUnknown field `totalTrans` for select statement on model `DailySalesSummarySumAggregateOutputType`. Available options are marked with ?.\n    at wn (C:\\xampp\\htdocs\\dagantara\\rana-main_2\\rana-main\\server\\node_modules\\@prisma\\client\\runtime\\library.js:29:1363)\n    at $n.handleRequestError (C:\\xampp\\htdocs\\dagantara\\rana-main_2\\rana-main\\server\\node_modules\\@prisma\\client\\runtime\\library.js:121:6958)\n    at $n.handleAndLogRequestError (C:\\xampp\\htdocs\\dagantara\\rana-main_2\\rana-main\\server\\node_modules\\@prisma\\client\\runtime\\library.js:121:6623)\n    at $n.request (C:\\xampp\\htdocs\\dagantara\\rana-main_2\\rana-main\\server\\node_modules\\@prisma\\client\\runtime\\library.js:121:6307)\n    at async l (C:\\xampp\\htdocs\\dagantara\\rana-main_2\\rana-main\\server\\node_modules\\@prisma\\client\\runtime\\library.js:130:9633)\n    at async getDashboardStats (C:\\xampp\\htdocs\\dagantara\\rana-main_2\\rana-main\\server\\src\\controllers\\reportController.js:95:25)"
}

[2026-05-19T16:44:35.326Z] Failed to fetch dashboard stats
{
  "message": "\nInvalid `prisma.dailySalesSummary.aggregate()` invocation in\nC:\\xampp\\htdocs\\dagantara\\rana-main_2\\rana-main\\server\\src\\controllers\\reportController.js:95:56\n\n  92     });\n  93 } else {\n  94     // Global (All Stores) - Aggregate\n→ 95     const agg = await prisma.dailySalesSummary.aggregate({\n           select: {\n             _sum: {\n               select: {\n                 totalSales: true,\n                 totalTrans: true,\n                 ~~~~~~~~~~\n         ?       totalProfit?: true,\n         ?       transactionCount?: true\n               }\n             }\n           },\n           where: {\n             tenantId: \"b8571728-3938-4c9d-a2be-ff9a9bcc3877\",\n             date: new Date(\"2026-05-19T00:00:00.000Z\")\n           }\n         })\n\nUnknown field `totalTrans` for select statement on model `DailySalesSummarySumAggregateOutputType`. Available options are marked with ?.",
  "stack": "PrismaClientValidationError: \nInvalid `prisma.dailySalesSummary.aggregate()` invocation in\nC:\\xampp\\htdocs\\dagantara\\rana-main_2\\rana-main\\server\\src\\controllers\\reportController.js:95:56\n\n  92     });\n  93 } else {\n  94     // Global (All Stores) - Aggregate\n→ 95     const agg = await prisma.dailySalesSummary.aggregate({\n           select: {\n             _sum: {\n               select: {\n                 totalSales: true,\n                 totalTrans: true,\n                 ~~~~~~~~~~\n         ?       totalProfit?: true,\n         ?       transactionCount?: true\n               }\n             }\n           },\n           where: {\n             tenantId: \"b8571728-3938-4c9d-a2be-ff9a9bcc3877\",\n             date: new Date(\"2026-05-19T00:00:00.000Z\")\n           }\n         })\n\nUnknown field `totalTrans` for select statement on model `DailySalesSummarySumAggregateOutputType`. Available options are marked with ?.\n    at wn (C:\\xampp\\htdocs\\dagantara\\rana-main_2\\rana-main\\server\\node_modules\\@prisma\\client\\runtime\\library.js:29:1363)\n    at $n.handleRequestError (C:\\xampp\\htdocs\\dagantara\\rana-main_2\\rana-main\\server\\node_modules\\@prisma\\client\\runtime\\library.js:121:6958)\n    at $n.handleAndLogRequestError (C:\\xampp\\htdocs\\dagantara\\rana-main_2\\rana-main\\server\\node_modules\\@prisma\\client\\runtime\\library.js:121:6623)\n    at $n.request (C:\\xampp\\htdocs\\dagantara\\rana-main_2\\rana-main\\server\\node_modules\\@prisma\\client\\runtime\\library.js:121:6307)\n    at async l (C:\\xampp\\htdocs\\dagantara\\rana-main_2\\rana-main\\server\\node_modules\\@prisma\\client\\runtime\\library.js:130:9633)\n    at async getDashboardStats (C:\\xampp\\htdocs\\dagantara\\rana-main_2\\rana-main\\server\\src\\controllers\\reportController.js:95:25)"
}

[2026-05-19T16:44:35.348Z] Failed to fetch dashboard stats
{
  "message": "\nInvalid `prisma.dailySalesSummary.aggregate()` invocation in\nC:\\xampp\\htdocs\\dagantara\\rana-main_2\\rana-main\\server\\src\\controllers\\reportController.js:95:56\n\n  92     });\n  93 } else {\n  94     // Global (All Stores) - Aggregate\n→ 95     const agg = await prisma.dailySalesSummary.aggregate({\n           select: {\n             _sum: {\n               select: {\n                 totalSales: true,\n                 totalTrans: true,\n                 ~~~~~~~~~~\n         ?       totalProfit?: true,\n         ?       transactionCount?: true\n               }\n             }\n           },\n           where: {\n             tenantId: \"b8571728-3938-4c9d-a2be-ff9a9bcc3877\",\n             date: new Date(\"2026-05-19T00:00:00.000Z\")\n           }\n         })\n\nUnknown field `totalTrans` for select statement on model `DailySalesSummarySumAggregateOutputType`. Available options are marked with ?.",
  "stack": "PrismaClientValidationError: \nInvalid `prisma.dailySalesSummary.aggregate()` invocation in\nC:\\xampp\\htdocs\\dagantara\\rana-main_2\\rana-main\\server\\src\\controllers\\reportController.js:95:56\n\n  92     });\n  93 } else {\n  94     // Global (All Stores) - Aggregate\n→ 95     const agg = await prisma.dailySalesSummary.aggregate({\n           select: {\n             _sum: {\n               select: {\n                 totalSales: true,\n                 totalTrans: true,\n                 ~~~~~~~~~~\n         ?       totalProfit?: true,\n         ?       transactionCount?: true\n               }\n             }\n           },\n           where: {\n             tenantId: \"b8571728-3938-4c9d-a2be-ff9a9bcc3877\",\n             date: new Date(\"2026-05-19T00:00:00.000Z\")\n           }\n         })\n\nUnknown field `totalTrans` for select statement on model `DailySalesSummarySumAggregateOutputType`. Available options are marked with ?.\n    at wn (C:\\xampp\\htdocs\\dagantara\\rana-main_2\\rana-main\\server\\node_modules\\@prisma\\client\\runtime\\library.js:29:1363)\n    at $n.handleRequestError (C:\\xampp\\htdocs\\dagantara\\rana-main_2\\rana-main\\server\\node_modules\\@prisma\\client\\runtime\\library.js:121:6958)\n    at $n.handleAndLogRequestError (C:\\xampp\\htdocs\\dagantara\\rana-main_2\\rana-main\\server\\node_modules\\@prisma\\client\\runtime\\library.js:121:6623)\n    at $n.request (C:\\xampp\\htdocs\\dagantara\\rana-main_2\\rana-main\\server\\node_modules\\@prisma\\client\\runtime\\library.js:121:6307)\n    at async l (C:\\xampp\\htdocs\\dagantara\\rana-main_2\\rana-main\\server\\node_modules\\@prisma\\client\\runtime\\library.js:130:9633)\n    at async getDashboardStats (C:\\xampp\\htdocs\\dagantara\\rana-main_2\\rana-main\\server\\src\\controllers\\reportController.js:95:25)"
}

[2026-05-19T16:44:38.836Z] Failed to fetch dashboard stats
{
  "message": "\nInvalid `prisma.dailySalesSummary.aggregate()` invocation in\nC:\\xampp\\htdocs\\dagantara\\rana-main_2\\rana-main\\server\\src\\controllers\\reportController.js:95:56\n\n  92     });\n  93 } else {\n  94     // Global (All Stores) - Aggregate\n→ 95     const agg = await prisma.dailySalesSummary.aggregate({\n           select: {\n             _sum: {\n               select: {\n                 totalSales: true,\n                 totalTrans: true,\n                 ~~~~~~~~~~\n         ?       totalProfit?: true,\n         ?       transactionCount?: true\n               }\n             }\n           },\n           where: {\n             tenantId: \"b8571728-3938-4c9d-a2be-ff9a9bcc3877\",\n             date: new Date(\"2026-05-19T00:00:00.000Z\")\n           }\n         })\n\nUnknown field `totalTrans` for select statement on model `DailySalesSummarySumAggregateOutputType`. Available options are marked with ?.",
  "stack": "PrismaClientValidationError: \nInvalid `prisma.dailySalesSummary.aggregate()` invocation in\nC:\\xampp\\htdocs\\dagantara\\rana-main_2\\rana-main\\server\\src\\controllers\\reportController.js:95:56\n\n  92     });\n  93 } else {\n  94     // Global (All Stores) - Aggregate\n→ 95     const agg = await prisma.dailySalesSummary.aggregate({\n           select: {\n             _sum: {\n               select: {\n                 totalSales: true,\n                 totalTrans: true,\n                 ~~~~~~~~~~\n         ?       totalProfit?: true,\n         ?       transactionCount?: true\n               }\n             }\n           },\n           where: {\n             tenantId: \"b8571728-3938-4c9d-a2be-ff9a9bcc3877\",\n             date: new Date(\"2026-05-19T00:00:00.000Z\")\n           }\n         })\n\nUnknown field `totalTrans` for select statement on model `DailySalesSummarySumAggregateOutputType`. Available options are marked with ?.\n    at wn (C:\\xampp\\htdocs\\dagantara\\rana-main_2\\rana-main\\server\\node_modules\\@prisma\\client\\runtime\\library.js:29:1363)\n    at $n.handleRequestError (C:\\xampp\\htdocs\\dagantara\\rana-main_2\\rana-main\\server\\node_modules\\@prisma\\client\\runtime\\library.js:121:6958)\n    at $n.handleAndLogRequestError (C:\\xampp\\htdocs\\dagantara\\rana-main_2\\rana-main\\server\\node_modules\\@prisma\\client\\runtime\\library.js:121:6623)\n    at $n.request (C:\\xampp\\htdocs\\dagantara\\rana-main_2\\rana-main\\server\\node_modules\\@prisma\\client\\runtime\\library.js:121:6307)\n    at async l (C:\\xampp\\htdocs\\dagantara\\rana-main_2\\rana-main\\server\\node_modules\\@prisma\\client\\runtime\\library.js:130:9633)\n    at async getDashboardStats (C:\\xampp\\htdocs\\dagantara\\rana-main_2\\rana-main\\server\\src\\controllers\\reportController.js:95:25)"
}

[2026-05-19T16:44:38.853Z] Failed to fetch dashboard stats
{
  "message": "\nInvalid `prisma.dailySalesSummary.aggregate()` invocation in\nC:\\xampp\\htdocs\\dagantara\\rana-main_2\\rana-main\\server\\src\\controllers\\reportController.js:95:56\n\n  92     });\n  93 } else {\n  94     // Global (All Stores) - Aggregate\n→ 95     const agg = await prisma.dailySalesSummary.aggregate({\n           select: {\n             _sum: {\n               select: {\n                 totalSales: true,\n                 totalTrans: true,\n                 ~~~~~~~~~~\n         ?       totalProfit?: true,\n         ?       transactionCount?: true\n               }\n             }\n           },\n           where: {\n             tenantId: \"b8571728-3938-4c9d-a2be-ff9a9bcc3877\",\n             date: new Date(\"2026-05-19T00:00:00.000Z\")\n           }\n         })\n\nUnknown field `totalTrans` for select statement on model `DailySalesSummarySumAggregateOutputType`. Available options are marked with ?.",
  "stack": "PrismaClientValidationError: \nInvalid `prisma.dailySalesSummary.aggregate()` invocation in\nC:\\xampp\\htdocs\\dagantara\\rana-main_2\\rana-main\\server\\src\\controllers\\reportController.js:95:56\n\n  92     });\n  93 } else {\n  94     // Global (All Stores) - Aggregate\n→ 95     const agg = await prisma.dailySalesSummary.aggregate({\n           select: {\n             _sum: {\n               select: {\n                 totalSales: true,\n                 totalTrans: true,\n                 ~~~~~~~~~~\n         ?       totalProfit?: true,\n         ?       transactionCount?: true\n               }\n             }\n           },\n           where: {\n             tenantId: \"b8571728-3938-4c9d-a2be-ff9a9bcc3877\",\n             date: new Date(\"2026-05-19T00:00:00.000Z\")\n           }\n         })\n\nUnknown field `totalTrans` for select statement on model `DailySalesSummarySumAggregateOutputType`. Available options are marked with ?.\n    at wn (C:\\xampp\\htdocs\\dagantara\\rana-main_2\\rana-main\\server\\node_modules\\@prisma\\client\\runtime\\library.js:29:1363)\n    at $n.handleRequestError (C:\\xampp\\htdocs\\dagantara\\rana-main_2\\rana-main\\server\\node_modules\\@prisma\\client\\runtime\\library.js:121:6958)\n    at $n.handleAndLogRequestError (C:\\xampp\\htdocs\\dagantara\\rana-main_2\\rana-main\\server\\node_modules\\@prisma\\client\\runtime\\library.js:121:6623)\n    at $n.request (C:\\xampp\\htdocs\\dagantara\\rana-main_2\\rana-main\\server\\node_modules\\@prisma\\client\\runtime\\library.js:121:6307)\n    at async l (C:\\xampp\\htdocs\\dagantara\\rana-main_2\\rana-main\\server\\node_modules\\@prisma\\client\\runtime\\library.js:130:9633)\n    at async getDashboardStats (C:\\xampp\\htdocs\\dagantara\\rana-main_2\\rana-main\\server\\src\\controllers\\reportController.js:95:25)"
}

[2026-05-19T16:44:44.114Z] Failed to fetch orders
{
  "message": "\nInvalid `prisma.wholesaleOrder.findMany()` invocation in\nC:\\xampp\\htdocs\\dagantara\\rana-main_2\\rana-main\\server\\src\\controllers\\wholesaleController.js:328:52\n\n  325     where.tenantId = tenantId;\n  326 }\n  327 \n→ 328 const orders = await prisma.wholesaleOrder.findMany({\n        where: {\n          status: undefined,\n          tenantId: \"b8571728-3938-4c9d-a2be-ff9a9bcc3877\"\n        },\n        include: {\n          items: {\n            include: {\n              product: true,\n              ~~~~~~~\n      ?       wholesaleOrder?: true,\n      ?       wholesaleProduct?: true\n            }\n          },\n          tenant: {\n            select: {\n              name: true\n            }\n          }\n        },\n        orderBy: {\n          createdAt: \"desc\"\n        }\n      })\n\nUnknown field `product` for include statement on model `OrderItem`. Available options are marked with ?.",
  "stack": "PrismaClientValidationError: \nInvalid `prisma.wholesaleOrder.findMany()` invocation in\nC:\\xampp\\htdocs\\dagantara\\rana-main_2\\rana-main\\server\\src\\controllers\\wholesaleController.js:328:52\n\n  325     where.tenantId = tenantId;\n  326 }\n  327 \n→ 328 const orders = await prisma.wholesaleOrder.findMany({\n        where: {\n          status: undefined,\n          tenantId: \"b8571728-3938-4c9d-a2be-ff9a9bcc3877\"\n        },\n        include: {\n          items: {\n            include: {\n              product: true,\n              ~~~~~~~\n      ?       wholesaleOrder?: true,\n      ?       wholesaleProduct?: true\n            }\n          },\n          tenant: {\n            select: {\n              name: true\n            }\n          }\n        },\n        orderBy: {\n          createdAt: \"desc\"\n        }\n      })\n\nUnknown field `product` for include statement on model `OrderItem`. Available options are marked with ?.\n    at wn (C:\\xampp\\htdocs\\dagantara\\rana-main_2\\rana-main\\server\\node_modules\\@prisma\\client\\runtime\\library.js:29:1363)\n    at $n.handleRequestError (C:\\xampp\\htdocs\\dagantara\\rana-main_2\\rana-main\\server\\node_modules\\@prisma\\client\\runtime\\library.js:121:6958)\n    at $n.handleAndLogRequestError (C:\\xampp\\htdocs\\dagantara\\rana-main_2\\rana-main\\server\\node_modules\\@prisma\\client\\runtime\\library.js:121:6623)\n    at $n.request (C:\\xampp\\htdocs\\dagantara\\rana-main_2\\rana-main\\server\\node_modules\\@prisma\\client\\runtime\\library.js:121:6307)\n    at async l (C:\\xampp\\htdocs\\dagantara\\rana-main_2\\rana-main\\server\\node_modules\\@prisma\\client\\runtime\\library.js:130:9633)\n    at async getOrders (C:\\xampp\\htdocs\\dagantara\\rana-main_2\\rana-main\\server\\src\\controllers\\wholesaleController.js:328:24)"
}

[2026-05-19T16:44:44.123Z] Failed to fetch orders
{
  "message": "\nInvalid `prisma.wholesaleOrder.findMany()` invocation in\nC:\\xampp\\htdocs\\dagantara\\rana-main_2\\rana-main\\server\\src\\controllers\\wholesaleController.js:328:52\n\n  325     where.tenantId = tenantId;\n  326 }\n  327 \n→ 328 const orders = await prisma.wholesaleOrder.findMany({\n        where: {\n          status: undefined,\n          tenantId: \"b8571728-3938-4c9d-a2be-ff9a9bcc3877\"\n        },\n        include: {\n          items: {\n            include: {\n              product: true,\n              ~~~~~~~\n      ?       wholesaleOrder?: true,\n      ?       wholesaleProduct?: true\n            }\n          },\n          tenant: {\n            select: {\n              name: true\n            }\n          }\n        },\n        orderBy: {\n          createdAt: \"desc\"\n        }\n      })\n\nUnknown field `product` for include statement on model `OrderItem`. Available options are marked with ?.",
  "stack": "PrismaClientValidationError: \nInvalid `prisma.wholesaleOrder.findMany()` invocation in\nC:\\xampp\\htdocs\\dagantara\\rana-main_2\\rana-main\\server\\src\\controllers\\wholesaleController.js:328:52\n\n  325     where.tenantId = tenantId;\n  326 }\n  327 \n→ 328 const orders = await prisma.wholesaleOrder.findMany({\n        where: {\n          status: undefined,\n          tenantId: \"b8571728-3938-4c9d-a2be-ff9a9bcc3877\"\n        },\n        include: {\n          items: {\n            include: {\n              product: true,\n              ~~~~~~~\n      ?       wholesaleOrder?: true,\n      ?       wholesaleProduct?: true\n            }\n          },\n          tenant: {\n            select: {\n              name: true\n            }\n          }\n        },\n        orderBy: {\n          createdAt: \"desc\"\n        }\n      })\n\nUnknown field `product` for include statement on model `OrderItem`. Available options are marked with ?.\n    at wn (C:\\xampp\\htdocs\\dagantara\\rana-main_2\\rana-main\\server\\node_modules\\@prisma\\client\\runtime\\library.js:29:1363)\n    at $n.handleRequestError (C:\\xampp\\htdocs\\dagantara\\rana-main_2\\rana-main\\server\\node_modules\\@prisma\\client\\runtime\\library.js:121:6958)\n    at $n.handleAndLogRequestError (C:\\xampp\\htdocs\\dagantara\\rana-main_2\\rana-main\\server\\node_modules\\@prisma\\client\\runtime\\library.js:121:6623)\n    at $n.request (C:\\xampp\\htdocs\\dagantara\\rana-main_2\\rana-main\\server\\node_modules\\@prisma\\client\\runtime\\library.js:121:6307)\n    at async l (C:\\xampp\\htdocs\\dagantara\\rana-main_2\\rana-main\\server\\node_modules\\@prisma\\client\\runtime\\library.js:130:9633)\n    at async getOrders (C:\\xampp\\htdocs\\dagantara\\rana-main_2\\rana-main\\server\\src\\controllers\\wholesaleController.js:328:24)"
}

[2026-05-19T16:44:45.470Z] Failed to get transactions
{
  "message": "\nInvalid `prisma.transaction.findMany()` invocation in\nC:\\xampp\\htdocs\\dagantara\\rana-main_2\\rana-main\\server\\src\\controllers\\adminController.js:740:36\n\n  737 }\n  738 \n  739 const [transactions, total] = await prisma.$transaction([\n→ 740     prisma.transaction.findMany({\n            where: {},\n            skip: 0,\n            take: 5,\n            orderBy: {\n              createdAt: \"desc\"\n            },\n            include: {\n              store: {\n                select: {\n                  name: true,\n                  location: true,\n                  category: true\n                }\n              },\n              tenant: {\n                select: {\n                  name: true\n                }\n              },\n              user: {\n              ~~~~\n                select: {\n                  name: true\n                }\n              },\n              items: {\n                select: {\n                  quantity: true,\n                  price: true,\n                  product: {\n                    select: {\n                      name: true,\n                      sku: true,\n                      imageUrl: true,\n                      basePrice: true\n                    }\n                  }\n                }\n              },\n          ?   customer?: true,\n          ?   cashier?: true,\n          ?   transactionItems?: true\n            }\n          })\n\nUnknown field `user` for include statement on model `Transaction`. Available options are marked with ?.",
  "stack": "PrismaClientValidationError: \nInvalid `prisma.transaction.findMany()` invocation in\nC:\\xampp\\htdocs\\dagantara\\rana-main_2\\rana-main\\server\\src\\controllers\\adminController.js:740:36\n\n  737 }\n  738 \n  739 const [transactions, total] = await prisma.$transaction([\n→ 740     prisma.transaction.findMany({\n            where: {},\n            skip: 0,\n            take: 5,\n            orderBy: {\n              createdAt: \"desc\"\n            },\n            include: {\n              store: {\n                select: {\n                  name: true,\n                  location: true,\n                  category: true\n                }\n              },\n              tenant: {\n                select: {\n                  name: true\n                }\n              },\n              user: {\n              ~~~~\n                select: {\n                  name: true\n                }\n              },\n              items: {\n                select: {\n                  quantity: true,\n                  price: true,\n                  product: {\n                    select: {\n                      name: true,\n                      sku: true,\n                      imageUrl: true,\n                      basePrice: true\n                    }\n                  }\n                }\n              },\n          ?   customer?: true,\n          ?   cashier?: true,\n          ?   transactionItems?: true\n            }\n          })\n\nUnknown field `user` for include statement on model `Transaction`. Available options are marked with ?.\n    at wn (C:\\xampp\\htdocs\\dagantara\\rana-main_2\\rana-main\\server\\node_modules\\@prisma\\client\\runtime\\library.js:29:1363)\n    at $n.handleRequestError (C:\\xampp\\htdocs\\dagantara\\rana-main_2\\rana-main\\server\\node_modules\\@prisma\\client\\runtime\\library.js:121:6958)\n    at $n.handleAndLogRequestError (C:\\xampp\\htdocs\\dagantara\\rana-main_2\\rana-main\\server\\node_modules\\@prisma\\client\\runtime\\library.js:121:6623)\n    at $n.request (C:\\xampp\\htdocs\\dagantara\\rana-main_2\\rana-main\\server\\node_modules\\@prisma\\client\\runtime\\library.js:121:6307)\n    at async l (C:\\xampp\\htdocs\\dagantara\\rana-main_2\\rana-main\\server\\node_modules\\@prisma\\client\\runtime\\library.js:130:9633)"
}

[2026-05-19T16:44:45.482Z] Failed to get transactions
{
  "message": "\nInvalid `prisma.transaction.findMany()` invocation in\nC:\\xampp\\htdocs\\dagantara\\rana-main_2\\rana-main\\server\\src\\controllers\\adminController.js:740:36\n\n  737 }\n  738 \n  739 const [transactions, total] = await prisma.$transaction([\n→ 740     prisma.transaction.findMany({\n            where: {},\n            skip: 0,\n            take: 5,\n            orderBy: {\n              createdAt: \"desc\"\n            },\n            include: {\n              store: {\n                select: {\n                  name: true,\n                  location: true,\n                  category: true\n                }\n              },\n              tenant: {\n                select: {\n                  name: true\n                }\n              },\n              user: {\n              ~~~~\n                select: {\n                  name: true\n                }\n              },\n              items: {\n                select: {\n                  quantity: true,\n                  price: true,\n                  product: {\n                    select: {\n                      name: true,\n                      sku: true,\n                      imageUrl: true,\n                      basePrice: true\n                    }\n                  }\n                }\n              },\n          ?   customer?: true,\n          ?   cashier?: true,\n          ?   transactionItems?: true\n            }\n          })\n\nUnknown field `user` for include statement on model `Transaction`. Available options are marked with ?.",
  "stack": "PrismaClientValidationError: \nInvalid `prisma.transaction.findMany()` invocation in\nC:\\xampp\\htdocs\\dagantara\\rana-main_2\\rana-main\\server\\src\\controllers\\adminController.js:740:36\n\n  737 }\n  738 \n  739 const [transactions, total] = await prisma.$transaction([\n→ 740     prisma.transaction.findMany({\n            where: {},\n            skip: 0,\n            take: 5,\n            orderBy: {\n              createdAt: \"desc\"\n            },\n            include: {\n              store: {\n                select: {\n                  name: true,\n                  location: true,\n                  category: true\n                }\n              },\n              tenant: {\n                select: {\n                  name: true\n                }\n              },\n              user: {\n              ~~~~\n                select: {\n                  name: true\n                }\n              },\n              items: {\n                select: {\n                  quantity: true,\n                  price: true,\n                  product: {\n                    select: {\n                      name: true,\n                      sku: true,\n                      imageUrl: true,\n                      basePrice: true\n                    }\n                  }\n                }\n              },\n          ?   customer?: true,\n          ?   cashier?: true,\n          ?   transactionItems?: true\n            }\n          })\n\nUnknown field `user` for include statement on model `Transaction`. Available options are marked with ?.\n    at wn (C:\\xampp\\htdocs\\dagantara\\rana-main_2\\rana-main\\server\\node_modules\\@prisma\\client\\runtime\\library.js:29:1363)\n    at $n.handleRequestError (C:\\xampp\\htdocs\\dagantara\\rana-main_2\\rana-main\\server\\node_modules\\@prisma\\client\\runtime\\library.js:121:6958)\n    at $n.handleAndLogRequestError (C:\\xampp\\htdocs\\dagantara\\rana-main_2\\rana-main\\server\\node_modules\\@prisma\\client\\runtime\\library.js:121:6623)\n    at $n.request (C:\\xampp\\htdocs\\dagantara\\rana-main_2\\rana-main\\server\\node_modules\\@prisma\\client\\runtime\\library.js:121:6307)\n    at async l (C:\\xampp\\htdocs\\dagantara\\rana-main_2\\rana-main\\server\\node_modules\\@prisma\\client\\runtime\\library.js:130:9633)"
}

[2026-05-19T16:44:47.685Z] Failed to fetch admin users
{
  "message": "\nInvalid `prisma.user.findMany()` invocation in\nC:\\xampp\\htdocs\\dagantara\\rana-main_2\\rana-main\\server\\src\\controllers\\adminController.js:1886:45\n\n  1883 const skip = (parseInt(page) - 1) * parseInt(limit);\n  1884 const take = parseInt(limit);\n  1885 \n→ 1886 const users = await prisma.user.findMany({\n         where: {\n           role: {\n             in: [\n               \"SUPER_ADMIN\",\n               \"ADMIN\",\n               \"SUPPORT\"\n             ]\n             ~~~~~~~~~~~~~~~\n           },\n           storeId: null\n         },\n         skip: 0,\n         take: 10,\n         orderBy: {\n           createdAt: \"desc\"\n         }\n       })\n\nInvalid value for argument `in`. Expected UserRole.",
  "stack": "PrismaClientValidationError: \nInvalid `prisma.user.findMany()` invocation in\nC:\\xampp\\htdocs\\dagantara\\rana-main_2\\rana-main\\server\\src\\controllers\\adminController.js:1886:45\n\n  1883 const skip = (parseInt(page) - 1) * parseInt(limit);\n  1884 const take = parseInt(limit);\n  1885 \n→ 1886 const users = await prisma.user.findMany({\n         where: {\n           role: {\n             in: [\n               \"SUPER_ADMIN\",\n               \"ADMIN\",\n               \"SUPPORT\"\n             ]\n             ~~~~~~~~~~~~~~~\n           },\n           storeId: null\n         },\n         skip: 0,\n         take: 10,\n         orderBy: {\n           createdAt: \"desc\"\n         }\n       })\n\nInvalid value for argument `in`. Expected UserRole.\n    at wn (C:\\xampp\\htdocs\\dagantara\\rana-main_2\\rana-main\\server\\node_modules\\@prisma\\client\\runtime\\library.js:29:1363)\n    at $n.handleRequestError (C:\\xampp\\htdocs\\dagantara\\rana-main_2\\rana-main\\server\\node_modules\\@prisma\\client\\runtime\\library.js:121:6958)\n    at $n.handleAndLogRequestError (C:\\xampp\\htdocs\\dagantara\\rana-main_2\\rana-main\\server\\node_modules\\@prisma\\client\\runtime\\library.js:121:6623)\n    at $n.request (C:\\xampp\\htdocs\\dagantara\\rana-main_2\\rana-main\\server\\node_modules\\@prisma\\client\\runtime\\library.js:121:6307)\n    at async l (C:\\xampp\\htdocs\\dagantara\\rana-main_2\\rana-main\\server\\node_modules\\@prisma\\client\\runtime\\library.js:130:9633)\n    at async getAdminUsers (C:\\xampp\\htdocs\\dagantara\\rana-main_2\\rana-main\\server\\src\\controllers\\adminController.js:1886:27)"
}

[2026-05-19T16:44:47.698Z] Failed to fetch admin users
{
  "message": "\nInvalid `prisma.user.findMany()` invocation in\nC:\\xampp\\htdocs\\dagantara\\rana-main_2\\rana-main\\server\\src\\controllers\\adminController.js:1886:45\n\n  1883 const skip = (parseInt(page) - 1) * parseInt(limit);\n  1884 const take = parseInt(limit);\n  1885 \n→ 1886 const users = await prisma.user.findMany({\n         where: {\n           role: {\n             in: [\n               \"SUPER_ADMIN\",\n               \"ADMIN\",\n               \"SUPPORT\"\n             ]\n             ~~~~~~~~~~~~~~~\n           },\n           storeId: null\n         },\n         skip: 0,\n         take: 10,\n         orderBy: {\n           createdAt: \"desc\"\n         }\n       })\n\nInvalid value for argument `in`. Expected UserRole.",
  "stack": "PrismaClientValidationError: \nInvalid `prisma.user.findMany()` invocation in\nC:\\xampp\\htdocs\\dagantara\\rana-main_2\\rana-main\\server\\src\\controllers\\adminController.js:1886:45\n\n  1883 const skip = (parseInt(page) - 1) * parseInt(limit);\n  1884 const take = parseInt(limit);\n  1885 \n→ 1886 const users = await prisma.user.findMany({\n         where: {\n           role: {\n             in: [\n               \"SUPER_ADMIN\",\n               \"ADMIN\",\n               \"SUPPORT\"\n             ]\n             ~~~~~~~~~~~~~~~\n           },\n           storeId: null\n         },\n         skip: 0,\n         take: 10,\n         orderBy: {\n           createdAt: \"desc\"\n         }\n       })\n\nInvalid value for argument `in`. Expected UserRole.\n    at wn (C:\\xampp\\htdocs\\dagantara\\rana-main_2\\rana-main\\server\\node_modules\\@prisma\\client\\runtime\\library.js:29:1363)\n    at $n.handleRequestError (C:\\xampp\\htdocs\\dagantara\\rana-main_2\\rana-main\\server\\node_modules\\@prisma\\client\\runtime\\library.js:121:6958)\n    at $n.handleAndLogRequestError (C:\\xampp\\htdocs\\dagantara\\rana-main_2\\rana-main\\server\\node_modules\\@prisma\\client\\runtime\\library.js:121:6623)\n    at $n.request (C:\\xampp\\htdocs\\dagantara\\rana-main_2\\rana-main\\server\\node_modules\\@prisma\\client\\runtime\\library.js:121:6307)\n    at async l (C:\\xampp\\htdocs\\dagantara\\rana-main_2\\rana-main\\server\\node_modules\\@prisma\\client\\runtime\\library.js:130:9633)\n    at async getAdminUsers (C:\\xampp\\htdocs\\dagantara\\rana-main_2\\rana-main\\server\\src\\controllers\\adminController.js:1886:27)"
}

[2026-05-19T16:44:48.598Z] Failed to fetch audit logs
{
  "message": "Cannot read properties of undefined (reading 'findMany')",
  "stack": "TypeError: Cannot read properties of undefined (reading 'findMany')\n    at getAuditLogs (C:\\xampp\\htdocs\\dagantara\\rana-main_2\\rana-main\\server\\src\\controllers\\adminController.js:2115:48)\n    at Layer.handle [as handle_request] (C:\\xampp\\htdocs\\dagantara\\rana-main_2\\rana-main\\server\\node_modules\\express\\lib\\router\\layer.js:95:5)\n    at next (C:\\xampp\\htdocs\\dagantara\\rana-main_2\\rana-main\\server\\node_modules\\express\\lib\\router\\route.js:149:13)\n    at Route.dispatch (C:\\xampp\\htdocs\\dagantara\\rana-main_2\\rana-main\\server\\node_modules\\express\\lib\\router\\route.js:119:3)\n    at Layer.handle [as handle_request] (C:\\xampp\\htdocs\\dagantara\\rana-main_2\\rana-main\\server\\node_modules\\express\\lib\\router\\layer.js:95:5)\n    at C:\\xampp\\htdocs\\dagantara\\rana-main_2\\rana-main\\server\\node_modules\\express\\lib\\router\\index.js:284:15\n    at router.process_params (C:\\xampp\\htdocs\\dagantara\\rana-main_2\\rana-main\\server\\node_modules\\express\\lib\\router\\index.js:346:12)\n    at next (C:\\xampp\\htdocs\\dagantara\\rana-main_2\\rana-main\\server\\node_modules\\express\\lib\\router\\index.js:280:10)\n    at C:\\xampp\\htdocs\\dagantara\\rana-main_2\\rana-main\\server\\src\\middleware\\role.js:17:9\n    at Layer.handle [as handle_request] (C:\\xampp\\htdocs\\dagantara\\rana-main_2\\rana-main\\server\\node_modules\\express\\lib\\router\\layer.js:95:5)"
}

[2026-05-19T16:44:48.605Z] Failed to fetch audit logs
{
  "message": "Cannot read properties of undefined (reading 'findMany')",
  "stack": "TypeError: Cannot read properties of undefined (reading 'findMany')\n    at getAuditLogs (C:\\xampp\\htdocs\\dagantara\\rana-main_2\\rana-main\\server\\src\\controllers\\adminController.js:2115:48)\n    at Layer.handle [as handle_request] (C:\\xampp\\htdocs\\dagantara\\rana-main_2\\rana-main\\server\\node_modules\\express\\lib\\router\\layer.js:95:5)\n    at next (C:\\xampp\\htdocs\\dagantara\\rana-main_2\\rana-main\\server\\node_modules\\express\\lib\\router\\route.js:149:13)\n    at Route.dispatch (C:\\xampp\\htdocs\\dagantara\\rana-main_2\\rana-main\\server\\node_modules\\express\\lib\\router\\route.js:119:3)\n    at Layer.handle [as handle_request] (C:\\xampp\\htdocs\\dagantara\\rana-main_2\\rana-main\\server\\node_modules\\express\\lib\\router\\layer.js:95:5)\n    at C:\\xampp\\htdocs\\dagantara\\rana-main_2\\rana-main\\server\\node_modules\\express\\lib\\router\\index.js:284:15\n    at router.process_params (C:\\xampp\\htdocs\\dagantara\\rana-main_2\\rana-main\\server\\node_modules\\express\\lib\\router\\index.js:346:12)\n    at next (C:\\xampp\\htdocs\\dagantara\\rana-main_2\\rana-main\\server\\node_modules\\express\\lib\\router\\index.js:280:10)\n    at C:\\xampp\\htdocs\\dagantara\\rana-main_2\\rana-main\\server\\src\\middleware\\role.js:17:9\n    at Layer.handle [as handle_request] (C:\\xampp\\htdocs\\dagantara\\rana-main_2\\rana-main\\server\\node_modules\\express\\lib\\router\\layer.js:95:5)"
}

[2026-05-19T16:44:48.615Z] Failed to fetch audit logs
{
  "message": "Cannot read properties of undefined (reading 'findMany')",
  "stack": "TypeError: Cannot read properties of undefined (reading 'findMany')\n    at getAuditLogs (C:\\xampp\\htdocs\\dagantara\\rana-main_2\\rana-main\\server\\src\\controllers\\adminController.js:2115:48)\n    at Layer.handle [as handle_request] (C:\\xampp\\htdocs\\dagantara\\rana-main_2\\rana-main\\server\\node_modules\\express\\lib\\router\\layer.js:95:5)\n    at next (C:\\xampp\\htdocs\\dagantara\\rana-main_2\\rana-main\\server\\node_modules\\express\\lib\\router\\route.js:149:13)\n    at Route.dispatch (C:\\xampp\\htdocs\\dagantara\\rana-main_2\\rana-main\\server\\node_modules\\express\\lib\\router\\route.js:119:3)\n    at Layer.handle [as handle_request] (C:\\xampp\\htdocs\\dagantara\\rana-main_2\\rana-main\\server\\node_modules\\express\\lib\\router\\layer.js:95:5)\n    at C:\\xampp\\htdocs\\dagantara\\rana-main_2\\rana-main\\server\\node_modules\\express\\lib\\router\\index.js:284:15\n    at router.process_params (C:\\xampp\\htdocs\\dagantara\\rana-main_2\\rana-main\\server\\node_modules\\express\\lib\\router\\index.js:346:12)\n    at next (C:\\xampp\\htdocs\\dagantara\\rana-main_2\\rana-main\\server\\node_modules\\express\\lib\\router\\index.js:280:10)\n    at C:\\xampp\\htdocs\\dagantara\\rana-main_2\\rana-main\\server\\src\\middleware\\role.js:17:9\n    at Layer.handle [as handle_request] (C:\\xampp\\htdocs\\dagantara\\rana-main_2\\rana-main\\server\\node_modules\\express\\lib\\router\\layer.js:95:5)"
}

[2026-05-19T16:44:48.622Z] Failed to fetch audit logs
{
  "message": "Cannot read properties of undefined (reading 'findMany')",
  "stack": "TypeError: Cannot read properties of undefined (reading 'findMany')\n    at getAuditLogs (C:\\xampp\\htdocs\\dagantara\\rana-main_2\\rana-main\\server\\src\\controllers\\adminController.js:2115:48)\n    at Layer.handle [as handle_request] (C:\\xampp\\htdocs\\dagantara\\rana-main_2\\rana-main\\server\\node_modules\\express\\lib\\router\\layer.js:95:5)\n    at next (C:\\xampp\\htdocs\\dagantara\\rana-main_2\\rana-main\\server\\node_modules\\express\\lib\\router\\route.js:149:13)\n    at Route.dispatch (C:\\xampp\\htdocs\\dagantara\\rana-main_2\\rana-main\\server\\node_modules\\express\\lib\\router\\route.js:119:3)\n    at Layer.handle [as handle_request] (C:\\xampp\\htdocs\\dagantara\\rana-main_2\\rana-main\\server\\node_modules\\express\\lib\\router\\layer.js:95:5)\n    at C:\\xampp\\htdocs\\dagantara\\rana-main_2\\rana-main\\server\\node_modules\\express\\lib\\router\\index.js:284:15\n    at router.process_params (C:\\xampp\\htdocs\\dagantara\\rana-main_2\\rana-main\\server\\node_modules\\express\\lib\\router\\index.js:346:12)\n    at next (C:\\xampp\\htdocs\\dagantara\\rana-main_2\\rana-main\\server\\node_modules\\express\\lib\\router\\index.js:280:10)\n    at C:\\xampp\\htdocs\\dagantara\\rana-main_2\\rana-main\\server\\src\\middleware\\role.js:17:9\n    at Layer.handle [as handle_request] (C:\\xampp\\htdocs\\dagantara\\rana-main_2\\rana-main\\server\\node_modules\\express\\lib\\router\\layer.js:95:5)"
}

[2026-05-19T16:46:40.002Z] Failed to fetch dashboard stats
{
  "message": "\nInvalid `prisma.dailySalesSummary.aggregate()` invocation in\nC:\\xampp\\htdocs\\dagantara\\rana-main_2\\rana-main\\server\\src\\controllers\\reportController.js:95:56\n\n  92     });\n  93 } else {\n  94     // Global (All Stores) - Aggregate\n→ 95     const agg = await prisma.dailySalesSummary.aggregate({\n           select: {\n             _sum: {\n               select: {\n                 totalSales: true,\n                 totalTrans: true,\n                 ~~~~~~~~~~\n         ?       totalProfit?: true,\n         ?       transactionCount?: true\n               }\n             }\n           },\n           where: {\n             tenantId: \"b8571728-3938-4c9d-a2be-ff9a9bcc3877\",\n             date: new Date(\"2026-05-19T00:00:00.000Z\")\n           }\n         })\n\nUnknown field `totalTrans` for select statement on model `DailySalesSummarySumAggregateOutputType`. Available options are marked with ?.",
  "stack": "PrismaClientValidationError: \nInvalid `prisma.dailySalesSummary.aggregate()` invocation in\nC:\\xampp\\htdocs\\dagantara\\rana-main_2\\rana-main\\server\\src\\controllers\\reportController.js:95:56\n\n  92     });\n  93 } else {\n  94     // Global (All Stores) - Aggregate\n→ 95     const agg = await prisma.dailySalesSummary.aggregate({\n           select: {\n             _sum: {\n               select: {\n                 totalSales: true,\n                 totalTrans: true,\n                 ~~~~~~~~~~\n         ?       totalProfit?: true,\n         ?       transactionCount?: true\n               }\n             }\n           },\n           where: {\n             tenantId: \"b8571728-3938-4c9d-a2be-ff9a9bcc3877\",\n             date: new Date(\"2026-05-19T00:00:00.000Z\")\n           }\n         })\n\nUnknown field `totalTrans` for select statement on model `DailySalesSummarySumAggregateOutputType`. Available options are marked with ?.\n    at wn (C:\\xampp\\htdocs\\dagantara\\rana-main_2\\rana-main\\server\\node_modules\\@prisma\\client\\runtime\\library.js:29:1363)\n    at $n.handleRequestError (C:\\xampp\\htdocs\\dagantara\\rana-main_2\\rana-main\\server\\node_modules\\@prisma\\client\\runtime\\library.js:121:6958)\n    at $n.handleAndLogRequestError (C:\\xampp\\htdocs\\dagantara\\rana-main_2\\rana-main\\server\\node_modules\\@prisma\\client\\runtime\\library.js:121:6623)\n    at $n.request (C:\\xampp\\htdocs\\dagantara\\rana-main_2\\rana-main\\server\\node_modules\\@prisma\\client\\runtime\\library.js:121:6307)\n    at async l (C:\\xampp\\htdocs\\dagantara\\rana-main_2\\rana-main\\server\\node_modules\\@prisma\\client\\runtime\\library.js:130:9633)\n    at async getDashboardStats (C:\\xampp\\htdocs\\dagantara\\rana-main_2\\rana-main\\server\\src\\controllers\\reportController.js:95:25)"
}

[2026-05-19T16:46:40.041Z] Failed to fetch dashboard stats
{
  "message": "\nInvalid `prisma.dailySalesSummary.aggregate()` invocation in\nC:\\xampp\\htdocs\\dagantara\\rana-main_2\\rana-main\\server\\src\\controllers\\reportController.js:95:56\n\n  92     });\n  93 } else {\n  94     // Global (All Stores) - Aggregate\n→ 95     const agg = await prisma.dailySalesSummary.aggregate({\n           select: {\n             _sum: {\n               select: {\n                 totalSales: true,\n                 totalTrans: true,\n                 ~~~~~~~~~~\n         ?       totalProfit?: true,\n         ?       transactionCount?: true\n               }\n             }\n           },\n           where: {\n             tenantId: \"b8571728-3938-4c9d-a2be-ff9a9bcc3877\",\n             date: new Date(\"2026-05-19T00:00:00.000Z\")\n           }\n         })\n\nUnknown field `totalTrans` for select statement on model `DailySalesSummarySumAggregateOutputType`. Available options are marked with ?.",
  "stack": "PrismaClientValidationError: \nInvalid `prisma.dailySalesSummary.aggregate()` invocation in\nC:\\xampp\\htdocs\\dagantara\\rana-main_2\\rana-main\\server\\src\\controllers\\reportController.js:95:56\n\n  92     });\n  93 } else {\n  94     // Global (All Stores) - Aggregate\n→ 95     const agg = await prisma.dailySalesSummary.aggregate({\n           select: {\n             _sum: {\n               select: {\n                 totalSales: true,\n                 totalTrans: true,\n                 ~~~~~~~~~~\n         ?       totalProfit?: true,\n         ?       transactionCount?: true\n               }\n             }\n           },\n           where: {\n             tenantId: \"b8571728-3938-4c9d-a2be-ff9a9bcc3877\",\n             date: new Date(\"2026-05-19T00:00:00.000Z\")\n           }\n         })\n\nUnknown field `totalTrans` for select statement on model `DailySalesSummarySumAggregateOutputType`. Available options are marked with ?.\n    at wn (C:\\xampp\\htdocs\\dagantara\\rana-main_2\\rana-main\\server\\node_modules\\@prisma\\client\\runtime\\library.js:29:1363)\n    at $n.handleRequestError (C:\\xampp\\htdocs\\dagantara\\rana-main_2\\rana-main\\server\\node_modules\\@prisma\\client\\runtime\\library.js:121:6958)\n    at $n.handleAndLogRequestError (C:\\xampp\\htdocs\\dagantara\\rana-main_2\\rana-main\\server\\node_modules\\@prisma\\client\\runtime\\library.js:121:6623)\n    at $n.request (C:\\xampp\\htdocs\\dagantara\\rana-main_2\\rana-main\\server\\node_modules\\@prisma\\client\\runtime\\library.js:121:6307)\n    at async l (C:\\xampp\\htdocs\\dagantara\\rana-main_2\\rana-main\\server\\node_modules\\@prisma\\client\\runtime\\library.js:130:9633)\n    at async getDashboardStats (C:\\xampp\\htdocs\\dagantara\\rana-main_2\\rana-main\\server\\src\\controllers\\reportController.js:95:25)"
}

[2026-05-19T16:47:24.079Z] Failed to fetch dashboard stats
{
  "message": "\nInvalid `prisma.dailySalesSummary.aggregate()` invocation in\nC:\\xampp\\htdocs\\dagantara\\rana-main_2\\rana-main\\server\\src\\controllers\\reportController.js:95:56\n\n  92     });\n  93 } else {\n  94     // Global (All Stores) - Aggregate\n→ 95     const agg = await prisma.dailySalesSummary.aggregate({\n           select: {\n             _sum: {\n               select: {\n                 totalSales: true,\n                 totalTrans: true,\n                 ~~~~~~~~~~\n         ?       totalProfit?: true,\n         ?       transactionCount?: true\n               }\n             }\n           },\n           where: {\n             tenantId: \"b8571728-3938-4c9d-a2be-ff9a9bcc3877\",\n             date: new Date(\"2026-05-19T00:00:00.000Z\")\n           }\n         })\n\nUnknown field `totalTrans` for select statement on model `DailySalesSummarySumAggregateOutputType`. Available options are marked with ?.",
  "stack": "PrismaClientValidationError: \nInvalid `prisma.dailySalesSummary.aggregate()` invocation in\nC:\\xampp\\htdocs\\dagantara\\rana-main_2\\rana-main\\server\\src\\controllers\\reportController.js:95:56\n\n  92     });\n  93 } else {\n  94     // Global (All Stores) - Aggregate\n→ 95     const agg = await prisma.dailySalesSummary.aggregate({\n           select: {\n             _sum: {\n               select: {\n                 totalSales: true,\n                 totalTrans: true,\n                 ~~~~~~~~~~\n         ?       totalProfit?: true,\n         ?       transactionCount?: true\n               }\n             }\n           },\n           where: {\n             tenantId: \"b8571728-3938-4c9d-a2be-ff9a9bcc3877\",\n             date: new Date(\"2026-05-19T00:00:00.000Z\")\n           }\n         })\n\nUnknown field `totalTrans` for select statement on model `DailySalesSummarySumAggregateOutputType`. Available options are marked with ?.\n    at wn (C:\\xampp\\htdocs\\dagantara\\rana-main_2\\rana-main\\server\\node_modules\\@prisma\\client\\runtime\\library.js:29:1363)\n    at $n.handleRequestError (C:\\xampp\\htdocs\\dagantara\\rana-main_2\\rana-main\\server\\node_modules\\@prisma\\client\\runtime\\library.js:121:6958)\n    at $n.handleAndLogRequestError (C:\\xampp\\htdocs\\dagantara\\rana-main_2\\rana-main\\server\\node_modules\\@prisma\\client\\runtime\\library.js:121:6623)\n    at $n.request (C:\\xampp\\htdocs\\dagantara\\rana-main_2\\rana-main\\server\\node_modules\\@prisma\\client\\runtime\\library.js:121:6307)\n    at async l (C:\\xampp\\htdocs\\dagantara\\rana-main_2\\rana-main\\server\\node_modules\\@prisma\\client\\runtime\\library.js:130:9633)\n    at async getDashboardStats (C:\\xampp\\htdocs\\dagantara\\rana-main_2\\rana-main\\server\\src\\controllers\\reportController.js:95:25)"
}

[2026-05-19T16:47:24.099Z] Failed to fetch dashboard stats
{
  "message": "\nInvalid `prisma.dailySalesSummary.aggregate()` invocation in\nC:\\xampp\\htdocs\\dagantara\\rana-main_2\\rana-main\\server\\src\\controllers\\reportController.js:95:56\n\n  92     });\n  93 } else {\n  94     // Global (All Stores) - Aggregate\n→ 95     const agg = await prisma.dailySalesSummary.aggregate({\n           select: {\n             _sum: {\n               select: {\n                 totalSales: true,\n                 totalTrans: true,\n                 ~~~~~~~~~~\n         ?       totalProfit?: true,\n         ?       transactionCount?: true\n               }\n             }\n           },\n           where: {\n             tenantId: \"b8571728-3938-4c9d-a2be-ff9a9bcc3877\",\n             date: new Date(\"2026-05-19T00:00:00.000Z\")\n           }\n         })\n\nUnknown field `totalTrans` for select statement on model `DailySalesSummarySumAggregateOutputType`. Available options are marked with ?.",
  "stack": "PrismaClientValidationError: \nInvalid `prisma.dailySalesSummary.aggregate()` invocation in\nC:\\xampp\\htdocs\\dagantara\\rana-main_2\\rana-main\\server\\src\\controllers\\reportController.js:95:56\n\n  92     });\n  93 } else {\n  94     // Global (All Stores) - Aggregate\n→ 95     const agg = await prisma.dailySalesSummary.aggregate({\n           select: {\n             _sum: {\n               select: {\n                 totalSales: true,\n                 totalTrans: true,\n                 ~~~~~~~~~~\n         ?       totalProfit?: true,\n         ?       transactionCount?: true\n               }\n             }\n           },\n           where: {\n             tenantId: \"b8571728-3938-4c9d-a2be-ff9a9bcc3877\",\n             date: new Date(\"2026-05-19T00:00:00.000Z\")\n           }\n         })\n\nUnknown field `totalTrans` for select statement on model `DailySalesSummarySumAggregateOutputType`. Available options are marked with ?.\n    at wn (C:\\xampp\\htdocs\\dagantara\\rana-main_2\\rana-main\\server\\node_modules\\@prisma\\client\\runtime\\library.js:29:1363)\n    at $n.handleRequestError (C:\\xampp\\htdocs\\dagantara\\rana-main_2\\rana-main\\server\\node_modules\\@prisma\\client\\runtime\\library.js:121:6958)\n    at $n.handleAndLogRequestError (C:\\xampp\\htdocs\\dagantara\\rana-main_2\\rana-main\\server\\node_modules\\@prisma\\client\\runtime\\library.js:121:6623)\n    at $n.request (C:\\xampp\\htdocs\\dagantara\\rana-main_2\\rana-main\\server\\node_modules\\@prisma\\client\\runtime\\library.js:121:6307)\n    at async l (C:\\xampp\\htdocs\\dagantara\\rana-main_2\\rana-main\\server\\node_modules\\@prisma\\client\\runtime\\library.js:130:9633)\n    at async getDashboardStats (C:\\xampp\\htdocs\\dagantara\\rana-main_2\\rana-main\\server\\src\\controllers\\reportController.js:95:25)"
}

[2026-05-19T16:47:30.739Z] Failed to fetch dashboard stats
{
  "message": "\nInvalid `prisma.dailySalesSummary.aggregate()` invocation in\nC:\\xampp\\htdocs\\dagantara\\rana-main_2\\rana-main\\server\\src\\controllers\\reportController.js:95:56\n\n  92     });\n  93 } else {\n  94     // Global (All Stores) - Aggregate\n→ 95     const agg = await prisma.dailySalesSummary.aggregate({\n           select: {\n             _sum: {\n               select: {\n                 totalSales: true,\n                 totalTrans: true,\n                 ~~~~~~~~~~\n         ?       totalProfit?: true,\n         ?       transactionCount?: true\n               }\n             }\n           },\n           where: {\n             tenantId: \"b8571728-3938-4c9d-a2be-ff9a9bcc3877\",\n             date: new Date(\"2026-05-19T00:00:00.000Z\")\n           }\n         })\n\nUnknown field `totalTrans` for select statement on model `DailySalesSummarySumAggregateOutputType`. Available options are marked with ?.",
  "stack": "PrismaClientValidationError: \nInvalid `prisma.dailySalesSummary.aggregate()` invocation in\nC:\\xampp\\htdocs\\dagantara\\rana-main_2\\rana-main\\server\\src\\controllers\\reportController.js:95:56\n\n  92     });\n  93 } else {\n  94     // Global (All Stores) - Aggregate\n→ 95     const agg = await prisma.dailySalesSummary.aggregate({\n           select: {\n             _sum: {\n               select: {\n                 totalSales: true,\n                 totalTrans: true,\n                 ~~~~~~~~~~\n         ?       totalProfit?: true,\n         ?       transactionCount?: true\n               }\n             }\n           },\n           where: {\n             tenantId: \"b8571728-3938-4c9d-a2be-ff9a9bcc3877\",\n             date: new Date(\"2026-05-19T00:00:00.000Z\")\n           }\n         })\n\nUnknown field `totalTrans` for select statement on model `DailySalesSummarySumAggregateOutputType`. Available options are marked with ?.\n    at wn (C:\\xampp\\htdocs\\dagantara\\rana-main_2\\rana-main\\server\\node_modules\\@prisma\\client\\runtime\\library.js:29:1363)\n    at $n.handleRequestError (C:\\xampp\\htdocs\\dagantara\\rana-main_2\\rana-main\\server\\node_modules\\@prisma\\client\\runtime\\library.js:121:6958)\n    at $n.handleAndLogRequestError (C:\\xampp\\htdocs\\dagantara\\rana-main_2\\rana-main\\server\\node_modules\\@prisma\\client\\runtime\\library.js:121:6623)\n    at $n.request (C:\\xampp\\htdocs\\dagantara\\rana-main_2\\rana-main\\server\\node_modules\\@prisma\\client\\runtime\\library.js:121:6307)\n    at async l (C:\\xampp\\htdocs\\dagantara\\rana-main_2\\rana-main\\server\\node_modules\\@prisma\\client\\runtime\\library.js:130:9633)\n    at async getDashboardStats (C:\\xampp\\htdocs\\dagantara\\rana-main_2\\rana-main\\server\\src\\controllers\\reportController.js:95:25)"
}

[2026-05-19T16:47:30.762Z] Failed to fetch dashboard stats
{
  "message": "\nInvalid `prisma.dailySalesSummary.aggregate()` invocation in\nC:\\xampp\\htdocs\\dagantara\\rana-main_2\\rana-main\\server\\src\\controllers\\reportController.js:95:56\n\n  92     });\n  93 } else {\n  94     // Global (All Stores) - Aggregate\n→ 95     const agg = await prisma.dailySalesSummary.aggregate({\n           select: {\n             _sum: {\n               select: {\n                 totalSales: true,\n                 totalTrans: true,\n                 ~~~~~~~~~~\n         ?       totalProfit?: true,\n         ?       transactionCount?: true\n               }\n             }\n           },\n           where: {\n             tenantId: \"b8571728-3938-4c9d-a2be-ff9a9bcc3877\",\n             date: new Date(\"2026-05-19T00:00:00.000Z\")\n           }\n         })\n\nUnknown field `totalTrans` for select statement on model `DailySalesSummarySumAggregateOutputType`. Available options are marked with ?.",
  "stack": "PrismaClientValidationError: \nInvalid `prisma.dailySalesSummary.aggregate()` invocation in\nC:\\xampp\\htdocs\\dagantara\\rana-main_2\\rana-main\\server\\src\\controllers\\reportController.js:95:56\n\n  92     });\n  93 } else {\n  94     // Global (All Stores) - Aggregate\n→ 95     const agg = await prisma.dailySalesSummary.aggregate({\n           select: {\n             _sum: {\n               select: {\n                 totalSales: true,\n                 totalTrans: true,\n                 ~~~~~~~~~~\n         ?       totalProfit?: true,\n         ?       transactionCount?: true\n               }\n             }\n           },\n           where: {\n             tenantId: \"b8571728-3938-4c9d-a2be-ff9a9bcc3877\",\n             date: new Date(\"2026-05-19T00:00:00.000Z\")\n           }\n         })\n\nUnknown field `totalTrans` for select statement on model `DailySalesSummarySumAggregateOutputType`. Available options are marked with ?.\n    at wn (C:\\xampp\\htdocs\\dagantara\\rana-main_2\\rana-main\\server\\node_modules\\@prisma\\client\\runtime\\library.js:29:1363)\n    at $n.handleRequestError (C:\\xampp\\htdocs\\dagantara\\rana-main_2\\rana-main\\server\\node_modules\\@prisma\\client\\runtime\\library.js:121:6958)\n    at $n.handleAndLogRequestError (C:\\xampp\\htdocs\\dagantara\\rana-main_2\\rana-main\\server\\node_modules\\@prisma\\client\\runtime\\library.js:121:6623)\n    at $n.request (C:\\xampp\\htdocs\\dagantara\\rana-main_2\\rana-main\\server\\node_modules\\@prisma\\client\\runtime\\library.js:121:6307)\n    at async l (C:\\xampp\\htdocs\\dagantara\\rana-main_2\\rana-main\\server\\node_modules\\@prisma\\client\\runtime\\library.js:130:9633)\n    at async getDashboardStats (C:\\xampp\\htdocs\\dagantara\\rana-main_2\\rana-main\\server\\src\\controllers\\reportController.js:95:25)"
}

